// Jest Snapshot v1, https://goo.gl/fbAQLP

exports[`RadioButtonGroup renders properly 1`] = `
<View
  accessibilityRole="button"
  accessibilityStates={Array []}
  accessible={true}
  focusable={true}
  isTVSelectable={true}
  onClick={[Function]}
  onResponderGrant={[Function]}
  onResponderMove={[Function]}
  onResponderRelease={[Function]}
  onResponderTerminate={[Function]}
  onResponderTerminationRequest={[Function]}
  onStartShouldSetResponder={[Function]}
  style={
    Array [
      Object {
        "overflow": "hidden",
      },
      Object {
        "borderRadius": 18,
        "padding": 6,
      },
    ]
  }
>
  <View
    style={
      Object {
        "opacity": 1,
      }
    }
  >
    <Text
      accessibilityElementsHidden={true}
      allowFontScaling={false}
      importantForAccessibility="no-hide-descendants"
      pointerEvents="none"
      style={
        Array [
          Object {
            "color": "#03dac4",
            "fontSize": 24,
          },
          Array [
            Object {
              "transform": Array [
                Object {
                  "scaleX": 1,
                },
              ],
            },
            Object {
              "backgroundColor": "transparent",
            },
          ],
          Object {
            "fontFamily": "Material Design Icons",
            "fontStyle": "normal",
            "fontWeight": "normal",
          },
          Object {},
        ]
      }
    >
      ï„¬
    </Text>
  </View>
</View>
`;
